Archive member included because of file (symbol)

c:/winavr-20100110/bin/../lib/gcc/avr/4.3.3/avr5\libgcc.a(_udivmodqi4.o)
                              ./Seven_Seg_Program.o (__udivmodqi4)
c:/winavr-20100110/bin/../lib/gcc/avr/4.3.3/avr5\libgcc.a(_udivmodhi4.o)
                              ./Water_Heater_Program.o (__udivmodhi4)
c:/winavr-20100110/bin/../lib/gcc/avr/4.3.3/avr5\libgcc.a(_exit.o)
                              c:/winavr-20100110/bin/../lib/gcc/avr/4.3.3/../../../../avr/lib/avr5/crtm32.o (exit)
c:/winavr-20100110/bin/../lib/gcc/avr/4.3.3/avr5\libgcc.a(_copy_data.o)
                              ./Water_Heater_Program.o (__do_copy_data)
c:/winavr-20100110/bin/../lib/gcc/avr/4.3.3/avr5\libgcc.a(_clear_bss.o)
                              ./ADC_Program.o (__do_clear_bss)

Allocating common symbols
Common symbol       size              file

COMP_INT            0x2               ./TIMER0_Program.o
TWI_INT             0x2               ./TWI_Program.o
INT2_INTFunc        0x2               ./EXTINT_Program.o
OVF_INT             0x2               ./TIMER0_Program.o
ADC_INT             0x2               ./ADC_Program.o
INT0_INTFunc        0x2               ./EXTINT_Program.o
INT1_INTFunc        0x2               ./EXTINT_Program.o

Memory Configuration

Name             Origin             Length             Attributes
text             0x00000000         0x00020000         xr
data             0x00800060         0x0000ffa0         rw !x
eeprom           0x00810000         0x00010000         rw !x
fuse             0x00820000         0x00000400         rw !x
lock             0x00830000         0x00000400         rw !x
signature        0x00840000         0x00000400         rw !x
*default*        0x00000000         0xffffffff

Linker script and memory map

LOAD c:/winavr-20100110/bin/../lib/gcc/avr/4.3.3/../../../../avr/lib/avr5/crtm32.o
LOAD ./ADC_Program.o
LOAD ./DIO_Program.o
LOAD ./EEPROM_Program.o
LOAD ./EXTINT_Program.o
LOAD ./GIE_Program.o
LOAD ./Seven_Seg_Program.o
LOAD ./TIMER0_Program.o
LOAD ./TWI_Program.o
LOAD ./Water_Heater_Program.o
LOAD ./main.o
LOAD c:/winavr-20100110/bin/../lib/gcc/avr/4.3.3/avr5\libgcc.a
LOAD c:/winavr-20100110/bin/../lib/gcc/avr/4.3.3/../../../../avr/lib/avr5\libc.a
LOAD c:/winavr-20100110/bin/../lib/gcc/avr/4.3.3/avr5\libgcc.a

.hash
 *(.hash)

.dynsym
 *(.dynsym)

.dynstr
 *(.dynstr)

.gnu.version
 *(.gnu.version)

.gnu.version_d
 *(.gnu.version_d)

.gnu.version_r
 *(.gnu.version_r)

.rel.init
 *(.rel.init)

.rela.init
 *(.rela.init)

.rel.text
 *(.rel.text)
 *(.rel.text.*)
 *(.rel.gnu.linkonce.t*)

.rela.text
 *(.rela.text)
 *(.rela.text.*)
 *(.rela.gnu.linkonce.t*)

.rel.fini
 *(.rel.fini)

.rela.fini
 *(.rela.fini)

.rel.rodata
 *(.rel.rodata)
 *(.rel.rodata.*)
 *(.rel.gnu.linkonce.r*)

.rela.rodata
 *(.rela.rodata)
 *(.rela.rodata.*)
 *(.rela.gnu.linkonce.r*)

.rel.data
 *(.rel.data)
 *(.rel.data.*)
 *(.rel.gnu.linkonce.d*)

.rela.data
 *(.rela.data)
 *(.rela.data.*)
 *(.rela.gnu.linkonce.d*)

.rel.ctors
 *(.rel.ctors)

.rela.ctors
 *(.rela.ctors)

.rel.dtors
 *(.rel.dtors)

.rela.dtors
 *(.rela.dtors)

.rel.got
 *(.rel.got)

.rela.got
 *(.rela.got)

.rel.bss
 *(.rel.bss)

.rela.bss
 *(.rela.bss)

.rel.plt
 *(.rel.plt)

.rela.plt
 *(.rela.plt)

.text           0x00000000      0xcf6
 *(.vectors)
 .vectors       0x00000000       0x54 c:/winavr-20100110/bin/../lib/gcc/avr/4.3.3/../../../../avr/lib/avr5/crtm32.o
                0x00000000                __vectors
                0x00000000                __vector_default
 *(.vectors)
 *(.progmem.gcc*)
 *(.progmem*)
                0x00000054                . = ALIGN (0x2)
                0x00000054                __trampolines_start = .
 *(.trampolines)
 .trampolines   0x00000054        0x0 linker stubs
 *(.trampolines*)
                0x00000054                __trampolines_end = .
 *(.jumptables)
 *(.jumptables*)
 *(.lowtext)
 *(.lowtext*)
                0x00000054                __ctors_start = .
 *(.ctors)
                0x00000054                __ctors_end = .
                0x00000054                __dtors_start = .
 *(.dtors)
                0x00000054                __dtors_end = .
 SORT(*)(.ctors)
 SORT(*)(.dtors)
 *(.init0)
 .init0         0x00000054        0x0 c:/winavr-20100110/bin/../lib/gcc/avr/4.3.3/../../../../avr/lib/avr5/crtm32.o
                0x00000054                __init
 *(.init0)
 *(.init1)
 *(.init1)
 *(.init2)
 .init2         0x00000054        0xc c:/winavr-20100110/bin/../lib/gcc/avr/4.3.3/../../../../avr/lib/avr5/crtm32.o
 *(.init2)
 *(.init3)
 *(.init3)
 *(.init4)
 .init4         0x00000060       0x16 c:/winavr-20100110/bin/../lib/gcc/avr/4.3.3/avr5\libgcc.a(_copy_data.o)
                0x00000060                __do_copy_data
 .init4         0x00000076       0x10 c:/winavr-20100110/bin/../lib/gcc/avr/4.3.3/avr5\libgcc.a(_clear_bss.o)
                0x00000076                __do_clear_bss
 *(.init4)
 *(.init5)
 *(.init5)
 *(.init6)
 *(.init6)
 *(.init7)
 *(.init7)
 *(.init8)
 *(.init8)
 *(.init9)
 .init9         0x00000086        0x8 c:/winavr-20100110/bin/../lib/gcc/avr/4.3.3/../../../../avr/lib/avr5/crtm32.o
 *(.init9)
 *(.text)
 .text          0x0000008e        0x4 c:/winavr-20100110/bin/../lib/gcc/avr/4.3.3/../../../../avr/lib/avr5/crtm32.o
                0x0000008e                __vector_12
                0x0000008e                __bad_interrupt
                0x0000008e                __vector_6
                0x0000008e                __vector_13
                0x0000008e                __vector_17
                0x0000008e                __vector_7
                0x0000008e                __vector_5
                0x0000008e                __vector_4
                0x0000008e                __vector_9
                0x0000008e                __vector_15
                0x0000008e                __vector_8
                0x0000008e                __vector_14
                0x0000008e                __vector_18
                0x0000008e                __vector_20
 .text          0x00000092        0x0 ./ADC_Program.o
 .text          0x00000092        0x0 ./DIO_Program.o
 .text          0x00000092        0x0 ./EEPROM_Program.o
 .text          0x00000092        0x0 ./EXTINT_Program.o
 .text          0x00000092        0x0 ./GIE_Program.o
 .text          0x00000092        0x0 ./Seven_Seg_Program.o
 .text          0x00000092        0x0 ./TIMER0_Program.o
 .text          0x00000092        0x0 ./TWI_Program.o
 .text          0x00000092        0x0 ./Water_Heater_Program.o
 .text          0x00000092        0x0 ./main.o
 .text          0x00000092        0x0 c:/winavr-20100110/bin/../lib/gcc/avr/4.3.3/avr5\libgcc.a(_udivmodqi4.o)
 .text          0x00000092        0x0 c:/winavr-20100110/bin/../lib/gcc/avr/4.3.3/avr5\libgcc.a(_udivmodhi4.o)
 .text          0x00000092        0x0 c:/winavr-20100110/bin/../lib/gcc/avr/4.3.3/avr5\libgcc.a(_exit.o)
 .text          0x00000092        0x0 c:/winavr-20100110/bin/../lib/gcc/avr/4.3.3/avr5\libgcc.a(_copy_data.o)
 .text          0x00000092        0x0 c:/winavr-20100110/bin/../lib/gcc/avr/4.3.3/avr5\libgcc.a(_clear_bss.o)
                0x00000092                . = ALIGN (0x2)
 *(.text.*)
 .text.ADC_voidInit
                0x00000092       0x24 ./ADC_Program.o
                0x00000092                ADC_voidInit
 .text.ADC_voidEnable
                0x000000b6        0x4 ./ADC_Program.o
                0x000000b6                ADC_voidEnable
 .text.ADC_voidDisable
                0x000000ba        0x4 ./ADC_Program.o
                0x000000ba                ADC_voidDisable
 .text.ADC_voidStartConversion
                0x000000be        0x4 ./ADC_Program.o
                0x000000be                ADC_voidStartConversion
 .text.ADC_u8IsConversionComplete
                0x000000c2        0xc ./ADC_Program.o
                0x000000c2                ADC_u8IsConversionComplete
 .text.ADC_GetResult
                0x000000ce       0x18 ./ADC_Program.o
                0x000000ce                ADC_GetResult
 .text.ADC_voidAutoTriggerEN
                0x000000e6        0x4 ./ADC_Program.o
                0x000000e6                ADC_voidAutoTriggerEN
 .text.ADC_voidAutoTriggerDIS
                0x000000ea        0x4 ./ADC_Program.o
                0x000000ea                ADC_voidAutoTriggerDIS
 .text.ADC_INTEnable
                0x000000ee        0x4 ./ADC_Program.o
                0x000000ee                ADC_INTEnable
 .text.ADC_INTDisable
                0x000000f2        0x4 ./ADC_Program.o
                0x000000f2                ADC_INTDisable
 .text.ADC_voidSetINTFunc
                0x000000f6        0xa ./ADC_Program.o
                0x000000f6                ADC_voidSetINTFunc
 .text.__vector_16
                0x00000100       0x4e ./ADC_Program.o
                0x00000100                __vector_16
 .text.DIO_voidSetPORTDir
                0x0000014e      0x106 ./DIO_Program.o
                0x0000014e                DIO_voidSetPORTDir
 .text.DIO_voidSetPINValue
                0x00000254      0x106 ./DIO_Program.o
                0x00000254                DIO_voidSetPINValue
 .text.DIO_u8GetPINValue
                0x0000035a       0x3c ./DIO_Program.o
                0x0000035a                DIO_u8GetPINValue
 .text.DIO_voidTogglePIN
                0x00000396       0x72 ./DIO_Program.o
                0x00000396                DIO_voidTogglePIN
 .text.DIO_voidSetPORTValue
                0x00000408       0x26 ./DIO_Program.o
                0x00000408                DIO_voidSetPORTValue
 .text.EEPROM_u8ReciveByte
                0x0000042e       0x52 ./EEPROM_Program.o
                0x0000042e                EEPROM_u8ReciveByte
 .text.EEPROM_voidWriteByte
                0x00000480       0x42 ./EEPROM_Program.o
                0x00000480                EEPROM_voidWriteByte
 .text.EXITINT_voidInit
                0x000004c2        0xe ./EXTINT_Program.o
                0x000004c2                EXITINT_voidInit
 .text.EXTINT_voidINTEnable
                0x000004d0       0x28 ./EXTINT_Program.o
                0x000004d0                EXTINT_voidINTEnable
 .text.EXTINT_voidINTDisable
                0x000004f8       0x28 ./EXTINT_Program.o
                0x000004f8                EXTINT_voidINTDisable
 .text.EXTINT0_Callback
                0x00000520        0xa ./EXTINT_Program.o
                0x00000520                EXTINT0_Callback
 .text.EXTINT1_Callback
                0x0000052a        0xa ./EXTINT_Program.o
                0x0000052a                EXTINT1_Callback
 .text.EXTINT2_Callback
                0x00000534        0xa ./EXTINT_Program.o
                0x00000534                EXTINT2_Callback
 .text.__vector_1
                0x0000053e       0x4e ./EXTINT_Program.o
                0x0000053e                __vector_1
 .text.__vector_2
                0x0000058c       0x4e ./EXTINT_Program.o
                0x0000058c                __vector_2
 .text.__vector_3
                0x000005da       0x4e ./EXTINT_Program.o
                0x000005da                __vector_3
 .text.GlobalINTEnable
                0x00000628        0x8 ./GIE_Program.o
                0x00000628                GlobalINTEnable
 .text.GlobalINTDisable
                0x00000630        0x8 ./GIE_Program.o
                0x00000630                GlobalINTDisable
 .text.SevenSeg_voidDisplayOFF
                0x00000638       0x16 ./Seven_Seg_Program.o
                0x00000638                SevenSeg_voidDisplayOFF
 .text.SevenSeg_voidDisplay
                0x0000064e       0x86 ./Seven_Seg_Program.o
                0x0000064e                SevenSeg_voidDisplay
 .text.SevenSeg_voidinit
                0x000006d4       0x3e ./Seven_Seg_Program.o
                0x000006d4                SevenSeg_voidinit
 .text.TIMER0_voidInit
                0x00000712       0x2c ./TIMER0_Program.o
                0x00000712                TIMER0_voidInit
 .text.TIMER0_voidSetTCNT
                0x0000073e        0x4 ./TIMER0_Program.o
                0x0000073e                TIMER0_voidSetTCNT
 .text.TIMER0_voidSetOCR0
                0x00000742        0x4 ./TIMER0_Program.o
                0x00000742                TIMER0_voidSetOCR0
 .text.TIMER0_voidOVFINT_ENABLE
                0x00000746        0x8 ./TIMER0_Program.o
                0x00000746                TIMER0_voidOVFINT_ENABLE
 .text.TIMER0_voidOVFINT_DISABLE
                0x0000074e        0x8 ./TIMER0_Program.o
                0x0000074e                TIMER0_voidOVFINT_DISABLE
 .text.TIMER0_voidCOMPINT_ENABLE
                0x00000756        0x8 ./TIMER0_Program.o
                0x00000756                TIMER0_voidCOMPINT_ENABLE
 .text.TIMER0_voidCOMPINT_DISABLE
                0x0000075e        0x8 ./TIMER0_Program.o
                0x0000075e                TIMER0_voidCOMPINT_DISABLE
 .text.TIMER0_voidSetCOMPINTFunc
                0x00000766        0xa ./TIMER0_Program.o
                0x00000766                TIMER0_voidSetCOMPINTFunc
 .text.TIMER0_voidSetOVFINTFunc
                0x00000770        0xa ./TIMER0_Program.o
                0x00000770                TIMER0_voidSetOVFINTFunc
 .text.__vector_10
                0x0000077a       0x4e ./TIMER0_Program.o
                0x0000077a                __vector_10
 .text.__vector_11
                0x000007c8       0x4e ./TIMER0_Program.o
                0x000007c8                __vector_11
 .text.TWI_voidInit
                0x00000816        0xa ./TWI_Program.o
                0x00000816                TWI_voidInit
 .text.TWI_u8Start
                0x00000820       0x1a ./TWI_Program.o
                0x00000820                TWI_u8Start
 .text.TWI_voidStop
                0x0000083a        0x6 ./TWI_Program.o
                0x0000083a                TWI_voidStop
 .text.TWI_u8ReStart
                0x00000840       0x1a ./TWI_Program.o
                0x00000840                TWI_u8ReStart
 .text.TWI_u8SendAddressWrite
                0x0000085a       0x1c ./TWI_Program.o
                0x0000085a                TWI_u8SendAddressWrite
 .text.TWI_u8SendData
                0x00000876       0x1c ./TWI_Program.o
                0x00000876                TWI_u8SendData
 .text.TWI_u8SendAddressRead
                0x00000892       0x1c ./TWI_Program.o
                0x00000892                TWI_u8SendAddressRead
 .text.TWI_u8ReadData
                0x000008ae       0x1a ./TWI_Program.o
                0x000008ae                TWI_u8ReadData
 .text.TWI_voidSetINTFunc
                0x000008c8        0xa ./TWI_Program.o
                0x000008c8                TWI_voidSetINTFunc
 .text.__vector_19
                0x000008d2       0x4e ./TWI_Program.o
                0x000008d2                __vector_19
 .text.ToggleHeater_ON_OFF
                0x00000920        0x6 ./Water_Heater_Program.o
                0x00000920                ToggleHeater_ON_OFF
 .text.Exit_Temp_SettingMODE
                0x00000926       0x30 ./Water_Heater_Program.o
                0x00000926                Exit_Temp_SettingMODE
 .text.Temprature_SettingMODE
                0x00000956       0xbe ./Water_Heater_Program.o
                0x00000956                Temprature_SettingMODE
 .text.Get_AverageTemprature
                0x00000a14       0x6c ./Water_Heater_Program.o
                0x00000a14                Get_AverageTemprature
 .text.voidCoolingMode_ON
                0x00000a80       0x26 ./Water_Heater_Program.o
                0x00000a80                voidCoolingMode_ON
 .text.voidHeatingMode_ON
                0x00000aa6       0x1a ./Water_Heater_Program.o
                0x00000aa6                voidHeatingMode_ON
 .text.voidHeater_IdleState
                0x00000ac0       0x26 ./Water_Heater_Program.o
                0x00000ac0                voidHeater_IdleState
 .text.State_OFF
                0x00000ae6       0x56 ./Water_Heater_Program.o
                0x00000ae6                State_OFF
 .text.State_ON
                0x00000b3c       0xf6 ./Water_Heater_Program.o
                0x00000b3c                State_ON
 .text.main     0x00000c32       0x80 ./main.o
                0x00000c32                main
 .text.libgcc   0x00000cb2       0x18 c:/winavr-20100110/bin/../lib/gcc/avr/4.3.3/avr5\libgcc.a(_udivmodqi4.o)
                0x00000cb2                __udivmodqi4
 .text.libgcc   0x00000cca       0x28 c:/winavr-20100110/bin/../lib/gcc/avr/4.3.3/avr5\libgcc.a(_udivmodhi4.o)
                0x00000cca                __udivmodhi4
 .text.libgcc   0x00000cf2        0x0 c:/winavr-20100110/bin/../lib/gcc/avr/4.3.3/avr5\libgcc.a(_exit.o)
 .text.libgcc   0x00000cf2        0x0 c:/winavr-20100110/bin/../lib/gcc/avr/4.3.3/avr5\libgcc.a(_copy_data.o)
 .text.libgcc   0x00000cf2        0x0 c:/winavr-20100110/bin/../lib/gcc/avr/4.3.3/avr5\libgcc.a(_clear_bss.o)
                0x00000cf2                . = ALIGN (0x2)
 *(.fini9)
 .fini9         0x00000cf2        0x0 c:/winavr-20100110/bin/../lib/gcc/avr/4.3.3/avr5\libgcc.a(_exit.o)
                0x00000cf2                exit
                0x00000cf2                _exit
 *(.fini9)
 *(.fini8)
 *(.fini8)
 *(.fini7)
 *(.fini7)
 *(.fini6)
 *(.fini6)
 *(.fini5)
 *(.fini5)
 *(.fini4)
 *(.fini4)
 *(.fini3)
 *(.fini3)
 *(.fini2)
 *(.fini2)
 *(.fini1)
 *(.fini1)
 *(.fini0)
 .fini0         0x00000cf2        0x4 c:/winavr-20100110/bin/../lib/gcc/avr/4.3.3/avr5\libgcc.a(_exit.o)
 *(.fini0)
                0x00000cf6                _etext = .

.data           0x00800060        0x2 load address 0x00000cf6
                0x00800060                PROVIDE (__data_start, .)
 *(.data)
 .data          0x00800060        0x0 c:/winavr-20100110/bin/../lib/gcc/avr/4.3.3/../../../../avr/lib/avr5/crtm32.o
 .data          0x00800060        0x0 ./ADC_Program.o
 .data          0x00800060        0x0 ./DIO_Program.o
 .data          0x00800060        0x0 ./EEPROM_Program.o
 .data          0x00800060        0x0 ./EXTINT_Program.o
 .data          0x00800060        0x0 ./GIE_Program.o
 .data          0x00800060        0x0 ./Seven_Seg_Program.o
 .data          0x00800060        0x0 ./TIMER0_Program.o
 .data          0x00800060        0x0 ./TWI_Program.o
 .data          0x00800060        0x0 ./Water_Heater_Program.o
 .data          0x00800060        0x0 ./main.o
 .data          0x00800060        0x0 c:/winavr-20100110/bin/../lib/gcc/avr/4.3.3/avr5\libgcc.a(_udivmodqi4.o)
 .data          0x00800060        0x0 c:/winavr-20100110/bin/../lib/gcc/avr/4.3.3/avr5\libgcc.a(_udivmodhi4.o)
 .data          0x00800060        0x0 c:/winavr-20100110/bin/../lib/gcc/avr/4.3.3/avr5\libgcc.a(_exit.o)
 .data          0x00800060        0x0 c:/winavr-20100110/bin/../lib/gcc/avr/4.3.3/avr5\libgcc.a(_copy_data.o)
 .data          0x00800060        0x0 c:/winavr-20100110/bin/../lib/gcc/avr/4.3.3/avr5\libgcc.a(_clear_bss.o)
 *(.data*)
 .data.Exit_Current_State
                0x00800060        0x1 ./Water_Heater_Program.o
 *(.rodata)
 *(.rodata*)
 *(.gnu.linkonce.d*)
                0x00800062                . = ALIGN (0x2)
 *fill*         0x00800061        0x1 00
                0x00800062                _edata = .
                0x00800062                PROVIDE (__data_end, .)

.bss            0x00800062       0x18
                0x00800062                PROVIDE (__bss_start, .)
 *(.bss)
 .bss           0x00800062        0x0 c:/winavr-20100110/bin/../lib/gcc/avr/4.3.3/../../../../avr/lib/avr5/crtm32.o
 .bss           0x00800062        0x0 ./ADC_Program.o
 .bss           0x00800062        0x0 ./DIO_Program.o
 .bss           0x00800062        0x0 ./EEPROM_Program.o
 .bss           0x00800062        0x0 ./EXTINT_Program.o
 .bss           0x00800062        0x0 ./GIE_Program.o
 .bss           0x00800062        0x0 ./Seven_Seg_Program.o
 .bss           0x00800062        0x0 ./TIMER0_Program.o
 .bss           0x00800062        0x0 ./TWI_Program.o
 .bss           0x00800062        0x0 ./Water_Heater_Program.o
 .bss           0x00800062        0x0 ./main.o
 .bss           0x00800062        0x0 c:/winavr-20100110/bin/../lib/gcc/avr/4.3.3/avr5\libgcc.a(_udivmodqi4.o)
 .bss           0x00800062        0x0 c:/winavr-20100110/bin/../lib/gcc/avr/4.3.3/avr5\libgcc.a(_udivmodhi4.o)
 .bss           0x00800062        0x0 c:/winavr-20100110/bin/../lib/gcc/avr/4.3.3/avr5\libgcc.a(_exit.o)
 .bss           0x00800062        0x0 c:/winavr-20100110/bin/../lib/gcc/avr/4.3.3/avr5\libgcc.a(_copy_data.o)
 .bss           0x00800062        0x0 c:/winavr-20100110/bin/../lib/gcc/avr/4.3.3/avr5\libgcc.a(_clear_bss.o)
 *(.bss*)
 .bss.DisplayTemp
                0x00800062        0x1 ./Water_Heater_Program.o
                0x00800062                DisplayTemp
 .bss.Exit_Temp
                0x00800063        0x1 ./Water_Heater_Program.o
 .bss.OVFs.1419
                0x00800064        0x1 ./Water_Heater_Program.o
 .bss.Temprature
                0x00800065        0x1 ./Water_Heater_Program.o
 .bss.Average_Temp
                0x00800066        0x2 ./Water_Heater_Program.o
 .bss.Measurment_Counts
                0x00800068        0x1 ./Water_Heater_Program.o
 .bss.Heater_State
                0x00800069        0x1 ./Water_Heater_Program.o
 .bss.OVFs.1387
                0x0080006a        0x1 ./Water_Heater_Program.o
 .bss.ToggleLed.1386
                0x0080006b        0x1 ./Water_Heater_Program.o
 *(COMMON)
 COMMON         0x0080006c        0x2 ./ADC_Program.o
                0x0080006c                ADC_INT
 COMMON         0x0080006e        0x6 ./EXTINT_Program.o
                0x0080006e                INT2_INTFunc
                0x00800070                INT0_INTFunc
                0x00800072                INT1_INTFunc
 COMMON         0x00800074        0x4 ./TIMER0_Program.o
                0x00800074                COMP_INT
                0x00800076                OVF_INT
 COMMON         0x00800078        0x2 ./TWI_Program.o
                0x00800078                TWI_INT
                0x0080007a                PROVIDE (__bss_end, .)
                0x00000cf6                __data_load_start = LOADADDR (.data)
                0x00000cf8                __data_load_end = (__data_load_start + SIZEOF (.data))

.noinit         0x0080007a        0x0
                0x0080007a                PROVIDE (__noinit_start, .)
 *(.noinit*)
                0x0080007a                PROVIDE (__noinit_end, .)
                0x0080007a                _end = .
                0x0080007a                PROVIDE (__heap_start, .)

.eeprom         0x00810000        0x0
 *(.eeprom*)
                0x00810000                __eeprom_end = .

.fuse
 *(.fuse)
 *(.lfuse)
 *(.hfuse)
 *(.efuse)

.lock
 *(.lock*)

.signature
 *(.signature*)

.stab
 *(.stab)

.stabstr
 *(.stabstr)

.stab.excl
 *(.stab.excl)

.stab.exclstr
 *(.stab.exclstr)

.stab.index
 *(.stab.index)

.stab.indexstr
 *(.stab.indexstr)

.comment
 *(.comment)

.debug
 *(.debug)

.line
 *(.line)

.debug_srcinfo
 *(.debug_srcinfo)

.debug_sfnames
 *(.debug_sfnames)

.debug_aranges
 *(.debug_aranges)

.debug_pubnames
 *(.debug_pubnames)

.debug_info
 *(.debug_info)
 *(.gnu.linkonce.wi.*)

.debug_abbrev
 *(.debug_abbrev)

.debug_line
 *(.debug_line)

.debug_frame
 *(.debug_frame)

.debug_str
 *(.debug_str)

.debug_loc
 *(.debug_loc)

.debug_macinfo
 *(.debug_macinfo)
OUTPUT(Water_Heater.elf elf32-avr)
LOAD linker stubs
